// Jest Snapshot v1, https://goo.gl/fbAQLP

exports[`formats a message 1`] = `
"[31m- Expected[39m
[32m+ Received[39m

[90m  [39m
[37m-     .css-1otybxc,[39m
[37m-     [data-css-1otybxc] {[39m
[37m+     .css-i77z7r,[39m
[37m+     [data-css-i77z7r] {[39m
[90m        padding: 4em;[39m
[31m-       background: papayawhip;[39m
[32m+       background: blue;[39m
[90m      }[39m
[90m  [39m
[37m-     .css-1tnuino,[39m
[37m-     [data-css-1tnuino] {[39m
[37m+     .css-1252hns,[39m
[37m+     [data-css-1252hns] {[39m
[90m        font-size: 1.5em;[39m
[31m-       text-align: center;[39m
[32m+       text-align: left;[39m
[90m        color: palevioletred;[39m
[90m      }[39m
[90m  [39m
[90m      <section[39m
[37m-       className=\\"css-1otybxc\\"[39m
[37m+       className=\\"css-i77z7r\\"[39m
[90m      >[39m
[90m        <h1[39m
[37m-         className=\\"css-1tnuino\\"[39m
[37m+         className=\\"css-1252hns\\"[39m
[90m        >[39m
[90m          Hello World, this is my first glamor styled component![39m
[90m        </h1>[39m
[90m      </section>[39m
[90m    [39m"
`;
