// Jest Snapshot v1, https://goo.gl/fbAQLP

exports[`formats a message 1`] = `
"[32m- Snapshot[39m
[31m+ Received[39m

[2m  [22m
[32m-     .css-1otybxc,[39m
[32m-     [data-css-1otybxc] {[39m
[31m+     .css-i77z7r,[39m
[31m+     [data-css-i77z7r] {[39m
[2m        padding: 4em;[22m
[32m-       background: papayawhip;[39m
[31m+       background: blue;[39m
[2m      }[22m
[2m  [22m
[32m-     .css-1tnuino,[39m
[32m-     [data-css-1tnuino] {[39m
[31m+     .css-1252hns,[39m
[31m+     [data-css-1252hns] {[39m
[2m        font-size: 1.5em;[22m
[32m-       text-align: center;[39m
[31m+       text-align: left;[39m
[2m        color: palevioletred;[22m
[2m      }[22m
[2m  [22m
[2m      <section[22m
[32m-       className=\\"some-other-class css-1otybxc\\"[39m
[31m+       className=\\"some-other-class css-i77z7r\\"[39m
[2m      >[22m
[2m        <h1[22m
[32m-         className=\\"changed-class css-1tnuino\\"[39m
[31m+         className=\\"class-changed css-1252hns\\"[39m
[2m        >[22m
[2m          Hello World, this is my first glamor styled component![22m
[2m        </h1>[22m
[2m      </section>[22m
[2m    [22m"
`;

exports[`formats a message with data- attributes 1`] = `
"[32m- Snapshot[39m
[31m+ Received[39m

[2m  [22m
[32m-     .css-12gg9yz,[39m
[32m-     [data-css-12gg9yz] {[39m
[32m-       background-color: rebeccapurple;[39m
[31m+     .css-1rdlmfe,[39m
[31m+     [data-css-1rdlmfe] {[39m
[31m+       background-color: rebeccapurples;[39m
[2m        margin: 2px;[22m
[2m      }[22m
[2m  [22m
[2m      <div[22m
[32m-       data-css-12gg9yz=\\"\\"[39m
[31m+       data-css-1rdlmfe=\\"\\"[39m
[2m      />[22m
[2m    [22m"
`;
